Run: xgboost_walkforward_2026-08-25_23-07-12
Model: XGBRegressor (Walk-forward)
Params: {'n_estimators': 200, 'max_depth': 7, 'learning_rate': 0.01}
Retrain Every: 5 trading day(s)
Train Window: expanding
Walk-forward Time: 40.76s
TESTING RESULTS:
Test Period: 2025-01-02 to 2025-12-30
Test Days: 249
Test Rows: 22410
Always Up Accuracy: 0.5162
Directional Accuracy on Test Set: 0.5182
Edge: +0.0020
R2 Score on Test Set: 0.0009
Months Beaten: 8/12

MONTH BY MONTH:
         days  rows  model  always_up    edge
date                                         
2025-01    20  1800 0.5594     0.5578  0.0017
2025-02    19  1710 0.5152     0.5076  0.0076
2025-03    21  1890 0.4884     0.4820  0.0063
2025-04    21  1890 0.5254     0.5323 -0.0069
2025-05    21  1890 0.5349     0.5376 -0.0026
2025-06    20  1800 0.5578     0.5622 -0.0044
2025-07    22  1980 0.4919     0.4879  0.0040
2025-08    21  1890 0.5021     0.4974  0.0048
2025-09    21  1890 0.5344     0.5259  0.0085
2025-10    23  2070 0.5150     0.5121  0.0029
2025-11    19  1710 0.5000     0.4942  0.0058
2025-12    21  1890 0.4974     0.5011 -0.0037
