Run: random_forest_walkforward_2026-08-25_16-53-23
Model: RandomForestRegressor (Walk-forward)
Params: {'n_estimators': 100, 'max_depth': 10}
Retrain Every: 5 trading day(s)
Train Window: expanding
Walk-forward Time: 267.32s
TESTING RESULTS:
Test Period: 2025-01-02 to 2025-12-30
Test Days: 249
Test Rows: 22410
Always Up Accuracy: 0.5162
Directional Accuracy on Test Set: 0.5176
Edge: +0.0014
R2 Score on Test Set: 0.0016
Months Beaten: 3/12

MONTH BY MONTH:
         days  rows  model  always_up    edge
date                                         
2025-01    20  1800 0.5578     0.5578  0.0000
2025-02    19  1710 0.5070     0.5076 -0.0006
2025-03    21  1890 0.4894     0.4820  0.0074
2025-04    21  1890 0.5598     0.5323  0.0275
2025-05    21  1890 0.5312     0.5376 -0.0063
2025-06    20  1800 0.5561     0.5622 -0.0061
2025-07    22  1980 0.4879     0.4879  0.0000
2025-08    21  1890 0.4974     0.4974  0.0000
2025-09    21  1890 0.5249     0.5259 -0.0011
2025-10    23  2070 0.5068     0.5121 -0.0053
2025-11    19  1710 0.4918     0.4942 -0.0023
2025-12    21  1890 0.5042     0.5011  0.0032
