Run: xgboost_walkforward_2026-08-25_22-14-02
Model: XGBRegressor (Walk-forward)
Params: {'n_estimators': 200, 'max_depth': 7, 'learning_rate': 0.01}
Retrain Every: 5 trading day(s)
Train Window: expanding
Walk-forward Time: 27.66s
TESTING RESULTS:
Test Period: 2025-01-02 to 2025-12-30
Test Days: 249
Test Rows: 22410
Always Up Accuracy: 0.5162
Directional Accuracy on Test Set: 0.5157
Edge: -0.0006
R2 Score on Test Set: -0.0070
Months Beaten: 7/12

MONTH BY MONTH:
         days  rows  model  always_up    edge
date                                         
2025-01    20  1800 0.5589     0.5578  0.0011
2025-02    19  1710 0.5146     0.5076  0.0070
2025-03    21  1890 0.4899     0.4820  0.0079
2025-04    21  1890 0.5201     0.5323 -0.0122
2025-05    21  1890 0.5275     0.5376 -0.0101
2025-06    20  1800 0.5550     0.5622 -0.0072
2025-07    22  1980 0.4889     0.4879  0.0010
2025-08    21  1890 0.5000     0.4974  0.0026
2025-09    21  1890 0.5349     0.5259  0.0090
2025-10    23  2070 0.5155     0.5121  0.0034
2025-11    19  1710 0.4901     0.4942 -0.0041
2025-12    21  1890 0.4952     0.5011 -0.0058
